../Core/Src/rf.c:10:6:__debugPrintf	36	static
../Core/Src/rf.c:38:6:__clearSerialBuffer	24	static
../Core/Src/rf.c:46:8:__waitAUX	24	static
../Core/Src/rf.c:65:6:__managedDelay	24	static
../Core/Src/rf.c:75:9:__calculateCRC8	40	static
../Core/Src/rf.c:97:6:__changeRFUARTBaudRate	24	static
../Core/Src/rf.c:110:8:__setSettings	40	static
../Core/Src/rf.c:165:8:__getSettings	48	static
../Core/Src/rf.c:252:7:__getTranmissionPower	16	static
../Core/Src/rf.c:273:7:__getFECFilter	16	static
../Core/Src/rf.c:286:7:__getWirelessWakeup	16	static
../Core/Src/rf.c:323:7:__getIOMode	16	static
../Core/Src/rf.c:336:7:__getTransmissionType	16	static
../Core/Src/rf.c:353:7:__getAirData	16	static
../Core/Src/rf.c:382:7:__getUARTParity	16	static
../Core/Src/rf.c:399:7:__getUARTBaudRate	16	static
../Core/Src/rf.c:436:7:__airDataRateEnum2Value	16	static
../Core/Src/rf.c:455:10:__UARTRateEnum2Value	16	static
../Core/Src/rf.c:478:10:__UARTParityEnum2Value	16	static
../Core/Src/rf.c:491:11:__calculatePacketSendTime	64	static
../Core/Src/rf.c:504:8:__setPinConfig	96	static
../Core/Src/rf.c:554:8:__ChangeSettings	16	static
../Core/Src/rf.c:574:8:__packageTimerCheck	32	static
../Core/Src/rf.c:595:8:__tempConftoDevice	16	static
../Core/Src/rf.c:605:8:__receiveSingleData	24	static
../Core/Src/rf.c:625:8:__receiveDataPacket	40	static
../Core/Src/rf.c:654:8:__sendFixedSingleData	24	static
../Core/Src/rf.c:678:8:__sendTransparentSingleData	24	static
../Core/Src/rf.c:696:8:__sendFixedDataPacket	64	dynamic
../Core/Src/rf.c:733:8:__sendBroadcastDataPacket	32	static
../Core/Src/rf.c:737:8:__sendTransparentDataPacket	72	dynamic
../Core/Src/rf.c:769:8:__setTransmissionMode	16	static
../Core/Src/rf.c:792:8:__setAddresses	16	static
../Core/Src/rf.c:805:8:__setChannel	16	static
../Core/Src/rf.c:814:8:__setTransmissionPower	16	static
../Core/Src/rf.c:823:8:__setIODriver	16	static
../Core/Src/rf.c:832:8:__setFECSettings	16	static
../Core/Src/rf.c:841:8:__setWirelesWakeup	16	static
../Core/Src/rf.c:850:8:__setUARTParity	16	static
../Core/Src/rf.c:859:8:__setUARTBaudRate	16	static
../Core/Src/rf.c:868:8:__setDebuggerUARTParity	16	static
../Core/Src/rf.c:877:8:__setDebuggerUARTBaudRate	16	static
../Core/Src/rf.c:886:8:__setAirDataRate	16	static
../Core/Src/rf.c:895:8:__setAuxTimeoutTime	16	static
../Core/Src/rf.c:905:8:__setNoAuxTimeoutTime	16	static
../Core/Src/rf.c:915:6:__viewSettings	16	static
../Core/Src/rf.c:936:6:__setFunctionPointers	16	static
../Core/Src/rf.c:962:6:__setInitialValues	16	static
../Core/Src/rf.c:986:6:__setRFUARTPort	24	static
../Core/Src/rf.c:990:6:__setDebuggerUARTPort	16	static
../Core/Src/rf.c:994:8:RFInit_NoPin	56	static
../Core/Src/rf.c:1008:8:RFInit	32	static
../Core/Src/rf.c:1016:8:RFInit_Debugger	40	static
../Core/Src/rf.c:1025:8:RFClose	16	static
../Core/Src/rf.c:1034:8:RFStart	16	static
